V "4.5.1.0 Nov 13 2016"
R
U 0
U 0
U 0
U 0
C 330
R
C 3
= 0x7f83a8723e48
R
P 0x7f83a8723e48
S "model"
S "true"
C 5
R
P 0x7f83a8723e48
S "proof"
S "true"
C 5
R
P 0x7f83a8723e48
C 7
= 0x7f83a8848c08
R
P 0x7f83a8723e48
C 4
R
P 0x7f83a8848c08
U 3
C 307
R
P 0x7f83a8848c08
C 327
M "QuantifierExample2"
R
P 0x7f83a8848c08
C 33
= 0x7f83a99fa2d8
R
P 0x7f83a8848c08
C 327
R
P 0x7f83a8848c08
P 0x7f83a99fa2d8
C 240
R
P 0x7f83a8848c08
C 327
R
P 0x7f83a8848c08
P 0x7f83a99fa2d8
C 9
R
P 0x7f83a8848c08
C 327
R
P 0x7f83a8848c08
S "f"
C 30
R
P 0x7f83a8848c08
C 327
R
P 0x7f83a8848c08
$ |f|
C 187
R
P 0x7f83a8848c08
C 327
R
P 0x7f83a8848c08
$ |f|
U 1
P 0x7f83a99fa2d8
p 1
P 0x7f83a99fa2d8
C 48
= 0x7f83a99b95c8
R
P 0x7f83a8848c08
C 327
R
P 0x7f83a8848c08
P 0x7f83a99b95c8
C 240
R
P 0x7f83a8848c08
C 327
R
P 0x7f83a8848c08
P 0x7f83a99b95c8
C 9
R
P 0x7f83a8848c08
C 327
R
P 0x7f83a8848c08
S "g"
C 30
R
P 0x7f83a8848c08
C 327
R
P 0x7f83a8848c08
$ |g|
C 187
R
P 0x7f83a8848c08
C 327
R
P 0x7f83a8848c08
$ |g|
U 1
P 0x7f83a99fa2d8
p 1
P 0x7f83a99fa2d8
C 48
= 0x7f83a99b9600
R
P 0x7f83a8848c08
C 327
R
P 0x7f83a8848c08
P 0x7f83a99b9600
C 240
R
P 0x7f83a8848c08
C 327
R
P 0x7f83a8848c08
P 0x7f83a99b9600
C 9
R
P 0x7f83a8848c08
C 327
R
P 0x7f83a8848c08
S "x"
C 30
R
P 0x7f83a8848c08
C 327
R
P 0x7f83a8848c08
$ |x|
C 187
R
P 0x7f83a8848c08
C 327
R
P 0x7f83a8848c08
$ |x|
P 0x7f83a99fa2d8
C 50
= 0x7f83a99fac38
R
P 0x7f83a8848c08
C 327
R
P 0x7f83a8848c08
P 0x7f83a99fac38
C 240
R
P 0x7f83a8848c08
C 327
R
P 0x7f83a8848c08
P 0x7f83a99fac38
C 237
= 0x7f83a99fa2d8
R
P 0x7f83a8848c08
C 327
R
P 0x7f83a8848c08
P 0x7f83a99fa2d8
C 194
R
P 0x7f83a8848c08
C 327
R
P 0x7f83a8848c08
P 0x7f83a99fac38
C 243
R
P 0x7f83a8848c08
C 327
R
P 0x7f83a8848c08
P 0x7f83a99fac38
C 242
R
P 0x7f83a8848c08
C 327
R
P 0x7f83a8848c08
P 0x7f83a99fac38
C 241
R
P 0x7f83a8848c08
C 327
R
P 0x7f83a8848c08
P 0x7f83a99fac38
C 9
R
P 0x7f83a8848c08
C 327
R
P 0x7f83a8848c08
S "y"
C 30
R
P 0x7f83a8848c08
C 327
R
P 0x7f83a8848c08
$ |y|
C 187
R
P 0x7f83a8848c08
C 327
R
P 0x7f83a8848c08
$ |y|
P 0x7f83a99fa2d8
C 50
= 0x7f83a99fac58
R
P 0x7f83a8848c08
C 327
R
P 0x7f83a8848c08
P 0x7f83a99fac58
C 240
R
P 0x7f83a8848c08
C 327
R
P 0x7f83a8848c08
P 0x7f83a99fac58
C 237
= 0x7f83a99fa2d8
R
P 0x7f83a8848c08
C 327
R
P 0x7f83a8848c08
P 0x7f83a99fa2d8
C 194
R
P 0x7f83a8848c08
C 327
R
P 0x7f83a8848c08
P 0x7f83a99fac58
C 243
R
P 0x7f83a8848c08
C 327
R
P 0x7f83a8848c08
P 0x7f83a99fac58
C 242
R
P 0x7f83a8848c08
C 327
R
P 0x7f83a8848c08
P 0x7f83a99fac58
C 241
R
P 0x7f83a8848c08
C 327
R
P 0x7f83a8848c08
P 0x7f83a99fac58
C 9
R
P 0x7f83a8848c08
C 327
R
P 0x7f83a8848c08
P 0x7f83a99b95c8
U 1
P 0x7f83a99fac38
p 1
C 49
= 0x7f83a99fc628
R
P 0x7f83a8848c08
C 327
R
P 0x7f83a8848c08
P 0x7f83a99fc628
C 240
R
P 0x7f83a8848c08
C 327
R
P 0x7f83a8848c08
P 0x7f83a99fc628
C 237
= 0x7f83a99fa2d8
R
P 0x7f83a8848c08
C 327
R
P 0x7f83a8848c08
P 0x7f83a99fa2d8
C 194
R
P 0x7f83a8848c08
C 327
R
P 0x7f83a8848c08
P 0x7f83a99fc628
C 243
R
P 0x7f83a8848c08
C 327
R
P 0x7f83a8848c08
P 0x7f83a99fc628
C 242
R
P 0x7f83a8848c08
C 327
R
P 0x7f83a8848c08
P 0x7f83a99fc628
C 241
R
P 0x7f83a8848c08
C 327
R
P 0x7f83a8848c08
P 0x7f83a99fc628
C 9
R
P 0x7f83a8848c08
C 327
R
P 0x7f83a8848c08
P 0x7f83a99b95c8
U 1
P 0x7f83a99fac58
p 1
C 49
= 0x7f83a99fc658
R
P 0x7f83a8848c08
C 327
R
P 0x7f83a8848c08
P 0x7f83a99fc658
C 240
R
P 0x7f83a8848c08
C 327
R
P 0x7f83a8848c08
P 0x7f83a99fc658
C 237
= 0x7f83a99fa2d8
R
P 0x7f83a8848c08
C 327
R
P 0x7f83a8848c08
P 0x7f83a99fa2d8
C 194
R
P 0x7f83a8848c08
C 327
R
P 0x7f83a8848c08
P 0x7f83a99fc658
C 243
R
P 0x7f83a8848c08
C 327
R
P 0x7f83a8848c08
P 0x7f83a99fc658
C 242
R
P 0x7f83a8848c08
C 327
R
P 0x7f83a8848c08
P 0x7f83a99fc658
C 241
R
P 0x7f83a8848c08
C 327
R
P 0x7f83a8848c08
P 0x7f83a99fc658
C 9
R
P 0x7f83a8848c08
C 327
R
P 0x7f83a8848c08
P 0x7f83a99b9600
U 1
P 0x7f83a99fac58
p 1
C 49
= 0x7f83a99fc688
R
P 0x7f83a8848c08
C 327
R
P 0x7f83a8848c08
P 0x7f83a99fc688
C 240
R
P 0x7f83a8848c08
C 327
R
P 0x7f83a8848c08
P 0x7f83a99fc688
C 237
= 0x7f83a99fa2d8
R
P 0x7f83a8848c08
C 327
R
P 0x7f83a8848c08
P 0x7f83a99fa2d8
C 194
R
P 0x7f83a8848c08
C 327
R
P 0x7f83a8848c08
P 0x7f83a99fc688
C 243
R
P 0x7f83a8848c08
C 327
R
P 0x7f83a8848c08
P 0x7f83a99fc688
C 242
R
P 0x7f83a8848c08
C 327
R
P 0x7f83a8848c08
P 0x7f83a99fc688
C 241
R
P 0x7f83a8848c08
C 327
R
P 0x7f83a8848c08
P 0x7f83a99fc688
C 9
R
P 0x7f83a8848c08
C 327
R
P 0x7f83a8848c08
U 2
P 0x7f83a99fc628
P 0x7f83a99fc688
p 2
C 177
= 0x7f83a99b9638
R
P 0x7f83a8848c08
C 327
R
P 0x7f83a8848c08
P 0x7f83a99b9638
C 9
R
P 0x7f83a8848c08
C 327
R
P 0x7f83a8848c08
P 0x7f83a99fc628
P 0x7f83a99fc658
C 55
= 0x7f83a99b9670
R
P 0x7f83a8848c08
C 327
R
P 0x7f83a8848c08
P 0x7f83a99b9670
C 241
R
P 0x7f83a8848c08
C 327
R
P 0x7f83a8848c08
P 0x7f83a99b9670
C 9
R
P 0x7f83a8848c08
C 327
R
P 0x7f83a8848c08
P 0x7f83a99fc658
P 0x7f83a99fc688
C 55
= 0x7f83a99b96a8
R
P 0x7f83a8848c08
C 327
R
P 0x7f83a8848c08
P 0x7f83a99b96a8
C 241
R
P 0x7f83a8848c08
C 327
R
P 0x7f83a8848c08
P 0x7f83a99b96a8
C 9
R
P 0x7f83a8848c08
C 327
R
P 0x7f83a8848c08
U 2
P 0x7f83a99b9670
P 0x7f83a99b96a8
p 2
C 62
= 0x7f83a99b96e0
R
P 0x7f83a8848c08
C 327
R
P 0x7f83a8848c08
P 0x7f83a99b96e0
C 241
R
P 0x7f83a8848c08
C 327
R
P 0x7f83a8848c08
P 0x7f83a99b96e0
C 9
R
P 0x7f83a8848c08
C 327
R
P 0x7f83a8848c08
S "q"
C 30
R
P 0x7f83a8848c08
C 327
R
P 0x7f83a8848c08
$ |q|
C 187
R
P 0x7f83a8848c08
C 327
R
P 0x7f83a8848c08
S "sk"
C 30
R
P 0x7f83a8848c08
C 327
R
P 0x7f83a8848c08
$ |sk|
C 187
R
P 0x7f83a8848c08
C 327
R
P 0x7f83a8848c08
I 1
U 1
$ |q|
$ |sk|
U 2
P 0x7f83a99fac38
P 0x7f83a99fac58
p 2
U 0
p 0
U 1
P 0x7f83a99fc658
p 1
P 0x7f83a99b96e0
C 186
= 0x7f83a90ea818
R
P 0x7f83a8848c08
C 327
R
P 0x7f83a8848c08
P 0x7f83a90ea818
C 240
R
P 0x7f83a8848c08
C 327
R
P 0x7f83a8848c08
P 0x7f83a90ea818
C 241
R
P 0x7f83a8848c08
C 327
R
P 0x7f83a8848c08
P 0x7f83a90ea818
C 240
R
P 0x7f83a8848c08
C 327
R
P 0x7f83a8848c08
P 0x7f83a90ea818
C 240
R
P 0x7f83a8848c08
C 327
R
P 0x7f83a8848c08
P 0x7f83a90ea818
C 9
R
P 0x7f83a8848c08
C 327
R
P 0x7f83a8848c08
S "z"
C 30
R
P 0x7f83a8848c08
C 327
R
P 0x7f83a8848c08
$ |z|
C 187
R
P 0x7f83a8848c08
C 327
R
P 0x7f83a8848c08
$ |z|
P 0x7f83a99fa2d8
C 50
= 0x7f83a99facb8
R
P 0x7f83a8848c08
C 327
R
P 0x7f83a8848c08
P 0x7f83a99facb8
C 240
R
P 0x7f83a8848c08
C 327
R
P 0x7f83a8848c08
P 0x7f83a99facb8
C 237
= 0x7f83a99fa2d8
R
P 0x7f83a8848c08
C 327
R
P 0x7f83a8848c08
P 0x7f83a99fa2d8
C 194
R
P 0x7f83a8848c08
C 327
R
P 0x7f83a8848c08
P 0x7f83a99facb8
C 243
R
P 0x7f83a8848c08
C 327
R
P 0x7f83a8848c08
P 0x7f83a99facb8
C 242
R
P 0x7f83a8848c08
C 327
R
P 0x7f83a8848c08
P 0x7f83a99facb8
C 241
R
P 0x7f83a8848c08
C 327
R
P 0x7f83a8848c08
P 0x7f83a99facb8
C 9
R
P 0x7f83a8848c08
C 327
R
P 0x7f83a8848c08
S "w"
C 30
R
P 0x7f83a8848c08
C 327
R
P 0x7f83a8848c08
$ |w|
C 187
R
P 0x7f83a8848c08
C 327
R
P 0x7f83a8848c08
$ |w|
P 0x7f83a99fa2d8
C 50
= 0x7f83a99facd8
R
P 0x7f83a8848c08
C 327
R
P 0x7f83a8848c08
P 0x7f83a99facd8
C 240
R
P 0x7f83a8848c08
C 327
R
P 0x7f83a8848c08
P 0x7f83a99facd8
C 237
= 0x7f83a99fa2d8
R
P 0x7f83a8848c08
C 327
R
P 0x7f83a8848c08
P 0x7f83a99fa2d8
C 194
R
P 0x7f83a8848c08
C 327
R
P 0x7f83a8848c08
P 0x7f83a99facd8
C 243
R
P 0x7f83a8848c08
C 327
R
P 0x7f83a8848c08
P 0x7f83a99facd8
C 242
R
P 0x7f83a8848c08
C 327
R
P 0x7f83a8848c08
P 0x7f83a99facd8
C 241
R
P 0x7f83a8848c08
C 327
R
P 0x7f83a8848c08
P 0x7f83a99facd8
C 9
R
P 0x7f83a8848c08
C 327
R
P 0x7f83a8848c08
P 0x7f83a99b95c8
U 1
P 0x7f83a99facb8
p 1
C 49
= 0x7f83a99fc7a8
R
P 0x7f83a8848c08
C 327
R
P 0x7f83a8848c08
P 0x7f83a99fc7a8
C 240
R
P 0x7f83a8848c08
C 327
R
P 0x7f83a8848c08
P 0x7f83a99fc7a8
C 237
= 0x7f83a99fa2d8
R
P 0x7f83a8848c08
C 327
R
P 0x7f83a8848c08
P 0x7f83a99fa2d8
C 194
R
P 0x7f83a8848c08
C 327
R
P 0x7f83a8848c08
P 0x7f83a99fc7a8
C 243
R
P 0x7f83a8848c08
C 327
R
P 0x7f83a8848c08
P 0x7f83a99fc7a8
C 242
R
P 0x7f83a8848c08
C 327
R
P 0x7f83a8848c08
P 0x7f83a99fc7a8
C 241
R
P 0x7f83a8848c08
C 327
R
P 0x7f83a8848c08
P 0x7f83a99fc7a8
C 9
R
P 0x7f83a8848c08
C 327
R
P 0x7f83a8848c08
P 0x7f83a99b9600
U 1
P 0x7f83a99facd8
p 1
C 49
= 0x7f83a99fc7d8
R
P 0x7f83a8848c08
C 327
R
P 0x7f83a8848c08
P 0x7f83a99fc7d8
C 240
R
P 0x7f83a8848c08
C 327
R
P 0x7f83a8848c08
P 0x7f83a99fc7d8
C 237
= 0x7f83a99fa2d8
R
P 0x7f83a8848c08
C 327
R
P 0x7f83a8848c08
P 0x7f83a99fa2d8
C 194
R
P 0x7f83a8848c08
C 327
R
P 0x7f83a8848c08
P 0x7f83a99fc7d8
C 243
R
P 0x7f83a8848c08
C 327
R
P 0x7f83a8848c08
P 0x7f83a99fc7d8
C 242
R
P 0x7f83a8848c08
C 327
R
P 0x7f83a8848c08
P 0x7f83a99fc7d8
C 241
R
P 0x7f83a8848c08
C 327
R
P 0x7f83a8848c08
P 0x7f83a99fc7d8
C 9
R
P 0x7f83a8848c08
C 327
R
P 0x7f83a8848c08
P 0x7f83a99fc7a8
P 0x7f83a99fc7d8
C 55
= 0x7f83a99b97c0
R
P 0x7f83a8848c08
C 327
R
P 0x7f83a8848c08
P 0x7f83a99b97c0
C 241
R
P 0x7f83a8848c08
C 327
R
P 0x7f83a8848c08
P 0x7f83a99b97c0
C 9
R
P 0x7f83a8848c08
C 327
R
P 0x7f83a8848c08
P 0x7f83a99b97c0
C 308
R
P 0x7f83a8848c08
C 327
R
P 0x7f83a8848c08
C 396
= 0x7f83aab1c248
R
P 0x7f83a8848c08
C 327
R
P 0x7f83a8848c08
P 0x7f83aab1c248
C 404
R
P 0x7f83a8848c08
C 327
R
P 0x7f83a8848c08
C 13
= 0x7f83aab1c358
R
P 0x7f83a8848c08
C 327
R
P 0x7f83a8848c08
P 0x7f83aab1c358
C 14
R
P 0x7f83a8848c08
C 327
R
P 0x7f83a8848c08
S "mbqi"
C 30
R
P 0x7f83a8848c08
C 327
R
P 0x7f83a8848c08
$ |mbqi|
C 187
R
P 0x7f83a8848c08
C 327
R
P 0x7f83a8848c08
P 0x7f83aab1c358
$ |mbqi|
I 0
C 16
R
P 0x7f83a8848c08
C 327
R
P 0x7f83a8848c08
P 0x7f83aab1c248
P 0x7f83aab1c358
C 403
R
P 0x7f83a8848c08
C 327
R
P 0x7f83a8848c08
P 0x7f83aab1c248
P 0x7f83a90ea818
C 410
R
P 0x7f83a8848c08
C 327
R
P 0x7f83a8848c08
P 0x7f83a99b97c0
C 57
= 0x7f83a99fc8f8
R
P 0x7f83a8848c08
C 327
R
P 0x7f83a8848c08
P 0x7f83a99fc8f8
C 241
R
P 0x7f83a8848c08
C 327
R
P 0x7f83a8848c08
P 0x7f83a99fc8f8
C 9
R
P 0x7f83a8848c08
C 327
R
P 0x7f83a8848c08
P 0x7f83aab1c248
P 0x7f83a99fc8f8
C 410
R
P 0x7f83a8848c08
C 327
R
P 0x7f83a8848c08
P 0x7f83aab1c248
C 413
R
P 0x7f83a8848c08
C 327
R
P 0x7f83a8848c08
P 0x7f83aab1c248
C 418
= 0x7f83a99b7bd8
R
P 0x7f83a8848c08
C 327
R
P 0x7f83a8848c08
P 0x7f83a99b7bd8
C 240
R
P 0x7f83a8848c08
C 327
R
P 0x7f83a8848c08
P 0x7f83a99b7bd8
C 237
= 0x7f83a99fa238
R
P 0x7f83a8848c08
C 327
R
P 0x7f83a8848c08
P 0x7f83a99fa238
C 194
R
P 0x7f83a8848c08
C 327
R
P 0x7f83a8848c08
P 0x7f83a99b7bd8
C 243
R
P 0x7f83a8848c08
C 327
R
P 0x7f83a8848c08
P 0x7f83a99b7bd8
C 242
R
P 0x7f83a8848c08
C 327
R
P 0x7f83a8848c08
P 0x7f83a99b7bd8
C 241
R
P 0x7f83a8848c08
C 327
R
P 0x7f83a8848c08
P 0x7f83a99b7bd8
C 9
R
P 0x7f83a8848c08
C 327
R
P 0x7f83a8848c08
P 0x7f83a99b7bd8
C 308
R
P 0x7f83a8848c08
C 327
R
P 0x7f83a8848c08
P 0x7f83a90ea818
C 308
R
P 0x7f83a8848c08
C 327
R
P 0x7f83a8848c08
C 396
= 0x7f83a872cfc8
R
P 0x7f83a8848c08
C 327
R
P 0x7f83a8848c08
P 0x7f83a872cfc8
C 404
R
P 0x7f83a8848c08
C 327
R
P 0x7f83a8848c08
P 0x7f83a872cfc8
P 0x7f83a90ea818
C 410
R
P 0x7f83a8848c08
C 327
R
P 0x7f83a8848c08
P 0x7f83a872cfc8
C 413
R
P 0x7f83a8848c08
C 327
R
P 0x7f83a8848c08
P 0x7f83a872cfc8
C 417
= 0x7f83aaa12eb8
R
P 0x7f83a8848c08
C 327
R
P 0x7f83a8848c08
P 0x7f83aaa12eb8
C 280
R
P 0x7f83a8848c08
C 327
R
P 0x7f83a8848c08
P 0x7f83aaa12eb8
C 312
R
P 0x7f83a8848c08
C 327
R
P 0x7f83a8848c08
U 1
P 0x7f83a99fa2d8
C 178
= 0x7f83a99fac78
R
P 0x7f83a8848c08
C 327
R
P 0x7f83a8848c08
P 0x7f83a99fac78
C 240
R
P 0x7f83a8848c08
C 327
R
P 0x7f83a8848c08
P 0x7f83a99fac78
C 237
= 0x7f83a99fa2d8
R
P 0x7f83a8848c08
C 327
R
P 0x7f83a8848c08
P 0x7f83a99fa2d8
C 194
R
P 0x7f83a8848c08
C 327
R
P 0x7f83a8848c08
P 0x7f83a99fac78
C 243
R
P 0x7f83a8848c08
C 327
R
P 0x7f83a8848c08
P 0x7f83a99fac78
C 242
R
P 0x7f83a8848c08
C 327
R
P 0x7f83a8848c08
P 0x7f83a99fac78
C 241
R
P 0x7f83a8848c08
C 327
R
P 0x7f83a8848c08
P 0x7f83a99fac78
C 240
R
P 0x7f83a8848c08
C 327
R
P 0x7f83a8848c08
P 0x7f83a99fac78
C 9
R
P 0x7f83a8848c08
C 327
R
P 0x7f83a8848c08
U 0
P 0x7f83a99fa2d8
C 178
= 0x7f83a99fac98
R
P 0x7f83a8848c08
C 327
R
P 0x7f83a8848c08
P 0x7f83a99fac98
C 240
R
P 0x7f83a8848c08
C 327
R
P 0x7f83a8848c08
P 0x7f83a99fac98
C 237
= 0x7f83a99fa2d8
R
P 0x7f83a8848c08
C 327
R
P 0x7f83a8848c08
P 0x7f83a99fa2d8
C 194
R
P 0x7f83a8848c08
C 327
R
P 0x7f83a8848c08
P 0x7f83a99fac98
C 243
R
P 0x7f83a8848c08
C 327
R
P 0x7f83a8848c08
P 0x7f83a99fac98
C 242
R
P 0x7f83a8848c08
C 327
R
P 0x7f83a8848c08
P 0x7f83a99fac98
C 241
R
P 0x7f83a8848c08
C 327
R
P 0x7f83a8848c08
P 0x7f83a99fac98
C 240
R
P 0x7f83a8848c08
C 327
R
P 0x7f83a8848c08
P 0x7f83a99fac98
C 9
R
P 0x7f83a8848c08
C 327
R
P 0x7f83a8848c08
P 0x7f83a99b95c8
U 1
P 0x7f83a99fac78
p 1
C 49
= 0x7f83a99fc718
R
P 0x7f83a8848c08
C 327
R
P 0x7f83a8848c08
P 0x7f83a99fc718
C 240
R
P 0x7f83a8848c08
C 327
R
P 0x7f83a8848c08
P 0x7f83a99fc718
C 237
= 0x7f83a99fa2d8
R
P 0x7f83a8848c08
C 327
R
P 0x7f83a8848c08
P 0x7f83a99fa2d8
C 194
R
P 0x7f83a8848c08
C 327
R
P 0x7f83a8848c08
P 0x7f83a99fc718
C 243
R
P 0x7f83a8848c08
C 327
R
P 0x7f83a8848c08
P 0x7f83a99fc718
C 242
R
P 0x7f83a8848c08
C 327
R
P 0x7f83a8848c08
P 0x7f83a99fc718
C 241
R
P 0x7f83a8848c08
C 327
R
P 0x7f83a8848c08
P 0x7f83a99fc718
C 9
R
P 0x7f83a8848c08
C 327
R
P 0x7f83a8848c08
P 0x7f83a99b95c8
U 1
P 0x7f83a99fac98
p 1
C 49
= 0x7f83a99fc6b8
R
P 0x7f83a8848c08
C 327
R
P 0x7f83a8848c08
P 0x7f83a99fc6b8
C 240
R
P 0x7f83a8848c08
C 327
R
P 0x7f83a8848c08
P 0x7f83a99fc6b8
C 237
= 0x7f83a99fa2d8
R
P 0x7f83a8848c08
C 327
R
P 0x7f83a8848c08
P 0x7f83a99fa2d8
C 194
R
P 0x7f83a8848c08
C 327
R
P 0x7f83a8848c08
P 0x7f83a99fc6b8
C 243
R
P 0x7f83a8848c08
C 327
R
P 0x7f83a8848c08
P 0x7f83a99fc6b8
C 242
R
P 0x7f83a8848c08
C 327
R
P 0x7f83a8848c08
P 0x7f83a99fc6b8
C 241
R
P 0x7f83a8848c08
C 327
R
P 0x7f83a8848c08
P 0x7f83a99fc6b8
C 9
R
P 0x7f83a8848c08
C 327
R
P 0x7f83a8848c08
P 0x7f83a99b9600
U 1
P 0x7f83a99fac98
p 1
C 49
= 0x7f83a99fc6e8
R
P 0x7f83a8848c08
C 327
R
P 0x7f83a8848c08
P 0x7f83a99fc6e8
C 240
R
P 0x7f83a8848c08
C 327
R
P 0x7f83a8848c08
P 0x7f83a99fc6e8
C 237
= 0x7f83a99fa2d8
R
P 0x7f83a8848c08
C 327
R
P 0x7f83a8848c08
P 0x7f83a99fa2d8
C 194
R
P 0x7f83a8848c08
C 327
R
P 0x7f83a8848c08
P 0x7f83a99fc6e8
C 243
R
P 0x7f83a8848c08
C 327
R
P 0x7f83a8848c08
P 0x7f83a99fc6e8
C 242
R
P 0x7f83a8848c08
C 327
R
P 0x7f83a8848c08
P 0x7f83a99fc6e8
C 241
R
P 0x7f83a8848c08
C 327
R
P 0x7f83a8848c08
P 0x7f83a99fc6e8
C 9
R
P 0x7f83a8848c08
C 327
R
P 0x7f83a8848c08
U 2
P 0x7f83a99fc718
P 0x7f83a99fc6e8
p 2
C 177
= 0x7f83a99b9a98
R
P 0x7f83a8848c08
C 327
R
P 0x7f83a8848c08
P 0x7f83a99b9a98
C 9
R
P 0x7f83a8848c08
C 327
R
P 0x7f83a8848c08
S "x"
C 30
R
P 0x7f83a8848c08
C 327
R
P 0x7f83a8848c08
$ |x|
C 187
R
P 0x7f83a8848c08
C 327
R
P 0x7f83a8848c08
S "y"
C 30
R
P 0x7f83a8848c08
C 327
R
P 0x7f83a8848c08
$ |y|
C 187
R
P 0x7f83a8848c08
C 327
R
P 0x7f83a8848c08
P 0x7f83a99fc718
P 0x7f83a99fc6b8
C 55
= 0x7f83a99b9750
R
P 0x7f83a8848c08
C 327
R
P 0x7f83a8848c08
P 0x7f83a99b9750
C 241
R
P 0x7f83a8848c08
C 327
R
P 0x7f83a8848c08
P 0x7f83a99b9750
C 9
R
P 0x7f83a8848c08
C 327
R
P 0x7f83a8848c08
P 0x7f83a99fc6b8
P 0x7f83a99fc6e8
C 55
= 0x7f83a99b9718
R
P 0x7f83a8848c08
C 327
R
P 0x7f83a8848c08
P 0x7f83a99b9718
C 241
R
P 0x7f83a8848c08
C 327
R
P 0x7f83a8848c08
P 0x7f83a99b9718
C 9
R
P 0x7f83a8848c08
C 327
R
P 0x7f83a8848c08
U 2
P 0x7f83a99b9750
P 0x7f83a99b9718
p 2
C 62
= 0x7f83a99b9788
R
P 0x7f83a8848c08
C 327
R
P 0x7f83a8848c08
P 0x7f83a99b9788
C 241
R
P 0x7f83a8848c08
C 327
R
P 0x7f83a8848c08
P 0x7f83a99b9788
C 9
R
P 0x7f83a8848c08
C 327
R
P 0x7f83a8848c08
S "q"
C 30
R
P 0x7f83a8848c08
C 327
R
P 0x7f83a8848c08
$ |q|
C 187
R
P 0x7f83a8848c08
C 327
R
P 0x7f83a8848c08
S "sk"
C 30
R
P 0x7f83a8848c08
C 327
R
P 0x7f83a8848c08
$ |sk|
C 187
R
P 0x7f83a8848c08
C 327
R
P 0x7f83a8848c08
I 1
U 1
$ |q|
$ |sk|
U 0
p 0
U 1
P 0x7f83a99fc6b8
p 1
U 2
P 0x7f83a99fa2d8
P 0x7f83a99fa2d8
p 2
$ |x|
$ |y|
s 2
P 0x7f83a99b9788
C 182
= 0x7f83a90ea818
R
P 0x7f83a8848c08
C 327
R
P 0x7f83a8848c08
P 0x7f83a90ea818
C 240
R
P 0x7f83a8848c08
C 327
R
P 0x7f83a8848c08
P 0x7f83a90ea818
C 241
R
P 0x7f83a8848c08
C 327
R
P 0x7f83a8848c08
P 0x7f83a90ea818
C 240
R
P 0x7f83a8848c08
C 327
R
P 0x7f83a8848c08
P 0x7f83a90ea818
C 240
R
P 0x7f83a8848c08
C 327
R
P 0x7f83a8848c08
P 0x7f83a90ea818
C 9
R
P 0x7f83a8848c08
C 327
R
P 0x7f83a8848c08
P 0x7f83a90ea818
C 308
R
P 0x7f83a8848c08
C 327
R
C 3
= 0x7f83aabb92c8
R
P 0x7f83aabb92c8
S "proof"
S "true"
C 5
R
P 0x7f83aabb92c8
C 7
= 0x7f83ac208208
R
P 0x7f83aabb92c8
C 4
R
P 0x7f83ac208208
U 3
C 307
R
P 0x7f83ac208208
C 327
R
C 3
= 0x7f83aabb92c8
R
P 0x7f83aabb92c8
S "auto-config"
S "false"
C 5
R
P 0x7f83aabb92c8
S "proof"
S "true"
C 5
R
P 0x7f83aabb92c8
C 7
= 0x7f83ac30ca08
R
P 0x7f83aabb92c8
C 4
R
P 0x7f83ac30ca08
U 3
C 307
R
P 0x7f83ac30ca08
C 327
M "QuantifierExample3"
R
P 0x7f83ac30ca08
C 33
= 0x7f83ac3162d8
R
P 0x7f83ac30ca08
C 327
R
P 0x7f83ac30ca08
P 0x7f83ac3162d8
C 240
R
P 0x7f83ac30ca08
C 327
R
P 0x7f83ac30ca08
P 0x7f83ac3162d8
C 9
R
P 0x7f83ac30ca08
C 327
R
P 0x7f83ac30ca08
S "f"
C 30
R
P 0x7f83ac30ca08
C 327
R
P 0x7f83ac30ca08
$ |f|
C 187
R
P 0x7f83ac30ca08
C 327
R
P 0x7f83ac30ca08
$ |f|
U 2
P 0x7f83ac3162d8
P 0x7f83ac3162d8
p 2
P 0x7f83ac3162d8
C 48
= 0x7f83ac31ac98
R
P 0x7f83ac30ca08
C 327
R
P 0x7f83ac30ca08
P 0x7f83ac31ac98
C 240
R
P 0x7f83ac30ca08
C 327
R
P 0x7f83ac30ca08
P 0x7f83ac31ac98
C 9
R
P 0x7f83ac30ca08
C 327
R
P 0x7f83ac30ca08
P 0x7f83ac31ac98
C 217
R
P 0x7f83ac30ca08
C 327
R
P 0x7f83ac30ca08
P 0x7f83ac31ac98
U 0
C 219
= 0x7f83ac3162d8
R
P 0x7f83ac30ca08
C 327
R
P 0x7f83ac30ca08
P 0x7f83ac3162d8
C 194
R
P 0x7f83ac30ca08
C 327
R
P 0x7f83ac30ca08
P 0x7f83ac3162d8
C 240
R
P 0x7f83ac30ca08
C 327
R
P 0x7f83ac30ca08
P 0x7f83ac3162d8
C 9
R
P 0x7f83ac30ca08
C 327
R
P 0x7f83ac30ca08
P 0x7f83ac31ac98
U 1
C 219
= 0x7f83ac3162d8
R
P 0x7f83ac30ca08
C 327
R
P 0x7f83ac30ca08
P 0x7f83ac3162d8
C 194
R
P 0x7f83ac30ca08
C 327
R
P 0x7f83ac30ca08
P 0x7f83ac3162d8
C 240
R
P 0x7f83ac30ca08
C 327
R
P 0x7f83ac30ca08
P 0x7f83ac3162d8
C 9
R
P 0x7f83ac30ca08
C 327
R
P 0x7f83ac30ca08
P 0x7f83ac31ac98
C 217
R
P 0x7f83ac30ca08
C 327
R
P 0x7f83ac30ca08
P 0x7f83ac31ac98
C 220
= 0x7f83ac3162d8
R
P 0x7f83ac30ca08
C 327
R
P 0x7f83ac30ca08
P 0x7f83ac3162d8
C 194
R
P 0x7f83ac30ca08
C 327
R
P 0x7f83ac30ca08
P 0x7f83ac3162d8
C 240
R
P 0x7f83ac30ca08
C 327
R
P 0x7f83ac30ca08
P 0x7f83ac3162d8
C 9
R
P 0x7f83ac30ca08
C 327
R
P 0x7f83ac30ca08
S "f_fresh"
C 30
R
P 0x7f83ac30ca08
C 327
R
P 0x7f83ac30ca08
$ |f_fresh|
C 187
R
P 0x7f83ac30ca08
C 327
R
P 0x7f83ac30ca08
$ |f_fresh|
U 1
P 0x7f83ac3162d8
p 1
P 0x7f83ac3162d8
C 48
= 0x7f83ac31cdc8
R
P 0x7f83ac30ca08
C 327
R
P 0x7f83ac30ca08
P 0x7f83ac31cdc8
C 240
R
P 0x7f83ac30ca08
C 327
R
P 0x7f83ac30ca08
P 0x7f83ac31cdc8
C 9
R
P 0x7f83ac30ca08
C 327
R
P 0x7f83ac30ca08
S "x_0"
C 30
R
P 0x7f83ac30ca08
C 327
R
P 0x7f83ac30ca08
$ |x_0|
C 187
R
P 0x7f83ac30ca08
C 327
R
P 0x7f83ac30ca08
U 0
P 0x7f83ac3162d8
C 178
= 0x7f83ac316c38
R
P 0x7f83ac30ca08
C 327
R
P 0x7f83ac30ca08
P 0x7f83ac316c38
C 240
R
P 0x7f83ac30ca08
C 327
R
P 0x7f83ac30ca08
P 0x7f83ac316c38
C 237
= 0x7f83ac3162d8
R
P 0x7f83ac30ca08
C 327
R
P 0x7f83ac30ca08
P 0x7f83ac3162d8
C 194
R
P 0x7f83ac30ca08
C 327
R
P 0x7f83ac30ca08
P 0x7f83ac316c38
C 243
R
P 0x7f83ac30ca08
C 327
R
P 0x7f83ac30ca08
P 0x7f83ac316c38
C 242
R
P 0x7f83ac30ca08
C 327
R
P 0x7f83ac30ca08
P 0x7f83ac316c38
C 241
R
P 0x7f83ac30ca08
C 327
R
P 0x7f83ac30ca08
P 0x7f83ac316c38
C 240
R
P 0x7f83ac30ca08
C 327
R
P 0x7f83ac30ca08
P 0x7f83ac316c38
C 9
R
P 0x7f83ac30ca08
C 327
R
P 0x7f83ac30ca08
S "x_1"
C 30
R
P 0x7f83ac30ca08
C 327
R
P 0x7f83ac30ca08
$ |x_1|
C 187
R
P 0x7f83ac30ca08
C 327
R
P 0x7f83ac30ca08
U 1
P 0x7f83ac3162d8
C 178
= 0x7f83ac316c58
R
P 0x7f83ac30ca08
C 327
R
P 0x7f83ac30ca08
P 0x7f83ac316c58
C 240
R
P 0x7f83ac30ca08
C 327
R
P 0x7f83ac30ca08
P 0x7f83ac316c58
C 237
= 0x7f83ac3162d8
R
P 0x7f83ac30ca08
C 327
R
P 0x7f83ac30ca08
P 0x7f83ac3162d8
C 194
R
P 0x7f83ac30ca08
C 327
R
P 0x7f83ac30ca08
P 0x7f83ac316c58
C 243
R
P 0x7f83ac30ca08
C 327
R
P 0x7f83ac30ca08
P 0x7f83ac316c58
C 242
R
P 0x7f83ac30ca08
C 327
R
P 0x7f83ac30ca08
P 0x7f83ac316c58
C 241
R
P 0x7f83ac30ca08
C 327
R
P 0x7f83ac30ca08
P 0x7f83ac316c58
C 240
R
P 0x7f83ac30ca08
C 327
R
P 0x7f83ac30ca08
P 0x7f83ac316c58
C 9
R
P 0x7f83ac30ca08
C 327
R
P 0x7f83ac30ca08
P 0x7f83ac31ac98
U 2
P 0x7f83ac316c38
P 0x7f83ac316c58
p 2
C 49
= 0x7f83ac31ce00
R
P 0x7f83ac30ca08
C 327
R
P 0x7f83ac30ca08
P 0x7f83ac31ce00
C 240
R
P 0x7f83ac30ca08
C 327
R
P 0x7f83ac30ca08
P 0x7f83ac31ce00
C 237
= 0x7f83ac3162d8
R
P 0x7f83ac30ca08
C 327
R
P 0x7f83ac30ca08
P 0x7f83ac3162d8
C 194
R
P 0x7f83ac30ca08
C 327
R
P 0x7f83ac30ca08
P 0x7f83ac31ce00
C 243
R
P 0x7f83ac30ca08
C 327
R
P 0x7f83ac30ca08
P 0x7f83ac31ce00
C 242
R
P 0x7f83ac30ca08
C 327
R
P 0x7f83ac30ca08
P 0x7f83ac31ce00
C 241
R
P 0x7f83ac30ca08
C 327
R
P 0x7f83ac30ca08
P 0x7f83ac31ce00
C 9
R
P 0x7f83ac30ca08
C 327
R
P 0x7f83ac30ca08
P 0x7f83ac31cdc8
U 1
P 0x7f83ac31ce00
p 1
C 49
= 0x7f83ac3185c8
R
P 0x7f83ac30ca08
C 327
R
P 0x7f83ac30ca08
P 0x7f83ac3185c8
C 240
R
P 0x7f83ac30ca08
C 327
R
P 0x7f83ac30ca08
P 0x7f83ac3185c8
C 237
= 0x7f83ac3162d8
R
P 0x7f83ac30ca08
C 327
R
P 0x7f83ac30ca08
P 0x7f83ac3162d8
C 194
R
P 0x7f83ac30ca08
C 327
R
P 0x7f83ac30ca08
P 0x7f83ac3185c8
C 243
R
P 0x7f83ac30ca08
C 327
R
P 0x7f83ac30ca08
P 0x7f83ac3185c8
C 242
R
P 0x7f83ac30ca08
C 327
R
P 0x7f83ac30ca08
P 0x7f83ac3185c8
C 241
R
P 0x7f83ac30ca08
C 327
R
P 0x7f83ac30ca08
P 0x7f83ac3185c8
C 9
R
P 0x7f83ac30ca08
C 327
R
P 0x7f83ac30ca08
P 0x7f83ac3185c8
P 0x7f83ac316c58
C 55
= 0x7f83ac31ce38
R
P 0x7f83ac30ca08
C 327
R
P 0x7f83ac30ca08
P 0x7f83ac31ce38
C 241
R
P 0x7f83ac30ca08
C 327
R
P 0x7f83ac30ca08
P 0x7f83ac31ce38
C 9
R
P 0x7f83ac30ca08
C 327
R
P 0x7f83ac30ca08
U 1
P 0x7f83ac31ce00
p 1
C 177
= 0x7f83ac3185f8
R
P 0x7f83ac30ca08
C 327
R
P 0x7f83ac30ca08
P 0x7f83ac3185f8
C 9
R
P 0x7f83ac30ca08
C 327
R
P 0x7f83ac30ca08
I 1
U 1
N
N
U 1
P 0x7f83ac3185f8
p 1
U 0
p 0
U 2
P 0x7f83ac3162d8
P 0x7f83ac3162d8
p 2
$ |x_0|
$ |x_1|
s 2
P 0x7f83ac31ce38
C 182
= 0x7f83ac33a218
R
P 0x7f83ac30ca08
C 327
R
P 0x7f83ac30ca08
P 0x7f83ac33a218
C 240
R
P 0x7f83ac30ca08
C 327
R
P 0x7f83ac30ca08
P 0x7f83ac33a218
C 241
R
P 0x7f83ac30ca08
C 327
R
P 0x7f83ac30ca08
P 0x7f83ac33a218
C 240
R
P 0x7f83ac30ca08
C 327
R
P 0x7f83ac30ca08
P 0x7f83ac33a218
C 240
R
P 0x7f83ac30ca08
C 327
R
P 0x7f83ac30ca08
P 0x7f83ac33a218
C 9
R
P 0x7f83ac30ca08
C 327
R
P 0x7f83ac30ca08
S "x"
C 30
R
P 0x7f83ac30ca08
C 327
R
P 0x7f83ac30ca08
$ |x|
C 187
R
P 0x7f83ac30ca08
C 327
R
P 0x7f83ac30ca08
$ |x|
P 0x7f83ac3162d8
C 50
= 0x7f83ac316c78
R
P 0x7f83ac30ca08
C 327
R
P 0x7f83ac30ca08
P 0x7f83ac316c78
C 240
R
P 0x7f83ac30ca08
C 327
R
P 0x7f83ac30ca08
P 0x7f83ac316c78
C 237
= 0x7f83ac3162d8
R
P 0x7f83ac30ca08
C 327
R
P 0x7f83ac30ca08
P 0x7f83ac3162d8
C 194
R
P 0x7f83ac30ca08
C 327
R
P 0x7f83ac30ca08
P 0x7f83ac316c78
C 243
R
P 0x7f83ac30ca08
C 327
R
P 0x7f83ac30ca08
P 0x7f83ac316c78
C 242
R
P 0x7f83ac30ca08
C 327
R
P 0x7f83ac30ca08
P 0x7f83ac316c78
C 241
R
P 0x7f83ac30ca08
C 327
R
P 0x7f83ac30ca08
P 0x7f83ac316c78
C 9
R
P 0x7f83ac30ca08
C 327
R
P 0x7f83ac30ca08
S "y"
C 30
R
P 0x7f83ac30ca08
C 327
R
P 0x7f83ac30ca08
$ |y|
C 187
R
P 0x7f83ac30ca08
C 327
R
P 0x7f83ac30ca08
$ |y|
P 0x7f83ac3162d8
C 50
= 0x7f83ac316c98
R
P 0x7f83ac30ca08
C 327
R
P 0x7f83ac30ca08
P 0x7f83ac316c98
C 240
R
P 0x7f83ac30ca08
C 327
R
P 0x7f83ac30ca08
P 0x7f83ac316c98
C 237
= 0x7f83ac3162d8
R
P 0x7f83ac30ca08
C 327
R
P 0x7f83ac30ca08
P 0x7f83ac3162d8
C 194
R
P 0x7f83ac30ca08
C 327
R
P 0x7f83ac30ca08
P 0x7f83ac316c98
C 243
R
P 0x7f83ac30ca08
C 327
R
P 0x7f83ac30ca08
P 0x7f83ac316c98
C 242
R
P 0x7f83ac30ca08
C 327
R
P 0x7f83ac30ca08
P 0x7f83ac316c98
C 241
R
P 0x7f83ac30ca08
C 327
R
P 0x7f83ac30ca08
P 0x7f83ac316c98
C 9
R
P 0x7f83ac30ca08
C 327
R
P 0x7f83ac30ca08
S "v"
C 30
R
P 0x7f83ac30ca08
C 327
R
P 0x7f83ac30ca08
$ |v|
C 187
R
P 0x7f83ac30ca08
C 327
R
P 0x7f83ac30ca08
$ |v|
P 0x7f83ac3162d8
C 50
= 0x7f83ac316cb8
R
P 0x7f83ac30ca08
C 327
R
P 0x7f83ac30ca08
P 0x7f83ac316cb8
C 240
R
P 0x7f83ac30ca08
C 327
R
P 0x7f83ac30ca08
P 0x7f83ac316cb8
C 237
= 0x7f83ac3162d8
R
P 0x7f83ac30ca08
C 327
R
P 0x7f83ac30ca08
P 0x7f83ac3162d8
C 194
R
P 0x7f83ac30ca08
C 327
R
P 0x7f83ac30ca08
P 0x7f83ac316cb8
C 243
R
P 0x7f83ac30ca08
C 327
R
P 0x7f83ac30ca08
P 0x7f83ac316cb8
C 242
R
P 0x7f83ac30ca08
C 327
R
P 0x7f83ac30ca08
P 0x7f83ac316cb8
C 241
R
P 0x7f83ac30ca08
C 327
R
P 0x7f83ac30ca08
P 0x7f83ac316cb8
C 9
R
P 0x7f83ac30ca08
C 327
R
P 0x7f83ac30ca08
S "w"
C 30
R
P 0x7f83ac30ca08
C 327
R
P 0x7f83ac30ca08
$ |w|
C 187
R
P 0x7f83ac30ca08
C 327
R
P 0x7f83ac30ca08
$ |w|
P 0x7f83ac3162d8
C 50
= 0x7f83ac316cd8
R
P 0x7f83ac30ca08
C 327
R
P 0x7f83ac30ca08
P 0x7f83ac316cd8
C 240
R
P 0x7f83ac30ca08
C 327
R
P 0x7f83ac30ca08
P 0x7f83ac316cd8
C 237
= 0x7f83ac3162d8
R
P 0x7f83ac30ca08
C 327
R
P 0x7f83ac30ca08
P 0x7f83ac3162d8
C 194
R
P 0x7f83ac30ca08
C 327
R
P 0x7f83ac30ca08
P 0x7f83ac316cd8
C 243
R
P 0x7f83ac30ca08
C 327
R
P 0x7f83ac30ca08
P 0x7f83ac316cd8
C 242
R
P 0x7f83ac30ca08
C 327
R
P 0x7f83ac30ca08
P 0x7f83ac316cd8
C 241
R
P 0x7f83ac30ca08
C 327
R
P 0x7f83ac30ca08
P 0x7f83ac316cd8
C 9
R
P 0x7f83ac30ca08
C 327
R
P 0x7f83ac30ca08
P 0x7f83ac31ac98
U 2
P 0x7f83ac316c78
P 0x7f83ac316c98
p 2
C 49
= 0x7f83ac31cea8
R
P 0x7f83ac30ca08
C 327
R
P 0x7f83ac30ca08
P 0x7f83ac31cea8
C 240
R
P 0x7f83ac30ca08
C 327
R
P 0x7f83ac30ca08
P 0x7f83ac31cea8
C 237
= 0x7f83ac3162d8
R
P 0x7f83ac30ca08
C 327
R
P 0x7f83ac30ca08
P 0x7f83ac3162d8
C 194
R
P 0x7f83ac30ca08
C 327
R
P 0x7f83ac30ca08
P 0x7f83ac31cea8
C 243
R
P 0x7f83ac30ca08
C 327
R
P 0x7f83ac30ca08
P 0x7f83ac31cea8
C 242
R
P 0x7f83ac30ca08
C 327
R
P 0x7f83ac30ca08
P 0x7f83ac31cea8
C 241
R
P 0x7f83ac30ca08
C 327
R
P 0x7f83ac30ca08
P 0x7f83ac31cea8
C 9
R
P 0x7f83ac30ca08
C 327
R
P 0x7f83ac30ca08
P 0x7f83ac31ac98
U 2
P 0x7f83ac316cd8
P 0x7f83ac316cb8
p 2
C 49
= 0x7f83ac31cee0
R
P 0x7f83ac30ca08
C 327
R
P 0x7f83ac30ca08
P 0x7f83ac31cee0
C 240
R
P 0x7f83ac30ca08
C 327
R
P 0x7f83ac30ca08
P 0x7f83ac31cee0
C 237
= 0x7f83ac3162d8
R
P 0x7f83ac30ca08
C 327
R
P 0x7f83ac30ca08
P 0x7f83ac3162d8
C 194
R
P 0x7f83ac30ca08
C 327
R
P 0x7f83ac30ca08
P 0x7f83ac31cee0
C 243
R
P 0x7f83ac30ca08
C 327
R
P 0x7f83ac30ca08
P 0x7f83ac31cee0
C 242
R
P 0x7f83ac30ca08
C 327
R
P 0x7f83ac30ca08
P 0x7f83ac31cee0
C 241
R
P 0x7f83ac30ca08
C 327
R
P 0x7f83ac30ca08
P 0x7f83ac31cee0
C 9
R
P 0x7f83ac30ca08
C 327
R
P 0x7f83ac30ca08
P 0x7f83ac31cea8
P 0x7f83ac31cee0
C 55
= 0x7f83ac31cf18
R
P 0x7f83ac30ca08
C 327
R
P 0x7f83ac30ca08
P 0x7f83ac31cf18
C 241
R
P 0x7f83ac30ca08
C 327
R
P 0x7f83ac30ca08
P 0x7f83ac31cf18
C 9
R
P 0x7f83ac30ca08
C 327
R
P 0x7f83ac30ca08
P 0x7f83ac316c98
P 0x7f83ac316cb8
C 55
= 0x7f83ac31cf50
R
P 0x7f83ac30ca08
C 327
R
P 0x7f83ac30ca08
P 0x7f83ac31cf50
C 241
R
P 0x7f83ac30ca08
C 327
R
P 0x7f83ac30ca08
P 0x7f83ac31cf50
C 9
R
P 0x7f83ac30ca08
C 327
R
P 0x7f83ac30ca08
P 0x7f83ac31cf50
C 308
R
P 0x7f83ac30ca08
C 327
R
P 0x7f83ac30ca08
C 396
= 0x7f83a842b8f8
R
P 0x7f83ac30ca08
C 327
R
P 0x7f83ac30ca08
P 0x7f83a842b8f8
C 404
R
P 0x7f83ac30ca08
C 327
R
P 0x7f83ac30ca08
C 13
= 0x7f83a8471528
R
P 0x7f83ac30ca08
C 327
R
P 0x7f83ac30ca08
P 0x7f83a8471528
C 14
R
P 0x7f83ac30ca08
C 327
R
P 0x7f83ac30ca08
S "mbqi"
C 30
R
P 0x7f83ac30ca08
C 327
R
P 0x7f83ac30ca08
$ |mbqi|
C 187
R
P 0x7f83ac30ca08
C 327
R
P 0x7f83ac30ca08
P 0x7f83a8471528
$ |mbqi|
I 0
C 16
R
P 0x7f83ac30ca08
C 327
R
P 0x7f83ac30ca08
P 0x7f83a842b8f8
P 0x7f83a8471528
C 403
R
P 0x7f83ac30ca08
C 327
R
P 0x7f83ac30ca08
P 0x7f83a842b8f8
P 0x7f83ac33a218
C 410
R
P 0x7f83ac30ca08
C 327
R
P 0x7f83ac30ca08
P 0x7f83a842b8f8
P 0x7f83ac31cf18
C 410
R
P 0x7f83ac30ca08
C 327
R
P 0x7f83ac30ca08
P 0x7f83ac31cf50
C 57
= 0x7f83ac3187d8
R
P 0x7f83ac30ca08
C 327
R
P 0x7f83ac30ca08
P 0x7f83ac3187d8
C 241
R
P 0x7f83ac30ca08
C 327
R
P 0x7f83ac30ca08
P 0x7f83ac3187d8
C 9
R
P 0x7f83ac30ca08
C 327
R
P 0x7f83ac30ca08
P 0x7f83a842b8f8
P 0x7f83ac3187d8
C 410
R
P 0x7f83ac30ca08
C 327
R
P 0x7f83ac30ca08
P 0x7f83a842b8f8
C 413
R
P 0x7f83ac30ca08
C 327
R
P 0x7f83ac30ca08
P 0x7f83a842b8f8
C 418
= 0x7f83ac31af58
R
P 0x7f83ac30ca08
C 327
R
P 0x7f83ac30ca08
P 0x7f83ac31af58
C 240
R
P 0x7f83ac30ca08
C 327
R
P 0x7f83ac30ca08
P 0x7f83ac31af58
C 237
= 0x7f83ac316238
R
P 0x7f83ac30ca08
C 327
R
P 0x7f83ac30ca08
P 0x7f83ac316238
C 194
R
P 0x7f83ac30ca08
C 327
R
P 0x7f83ac30ca08
P 0x7f83ac31af58
C 243
R
P 0x7f83ac30ca08
C 327
R
P 0x7f83ac30ca08
P 0x7f83ac31af58
C 242
R
P 0x7f83ac30ca08
C 327
R
P 0x7f83ac30ca08
P 0x7f83ac31af58
C 241
R
P 0x7f83ac30ca08
C 327
R
P 0x7f83ac30ca08
P 0x7f83ac31af58
C 9
R
P 0x7f83ac30ca08
C 327
R
P 0x7f83ac30ca08
P 0x7f83ac31af58
C 308
R
P 0x7f83ac30ca08
C 327
R
P 0x7f83ac30ca08
P 0x7f83ac316c78
P 0x7f83ac316cd8
C 55
= 0x7f83ac31d2d0
R
P 0x7f83ac30ca08
C 327
R
P 0x7f83ac30ca08
P 0x7f83ac31d2d0
C 241
R
P 0x7f83ac30ca08
C 327
R
P 0x7f83ac30ca08
P 0x7f83ac31d2d0
C 9
R
P 0x7f83ac30ca08
C 327
R
P 0x7f83ac30ca08
P 0x7f83ac31d2d0
C 308
R
P 0x7f83ac30ca08
C 327
R
P 0x7f83ac30ca08
C 396
= 0x7f83a873b668
R
P 0x7f83ac30ca08
C 327
R
P 0x7f83ac30ca08
P 0x7f83a873b668
C 404
R
P 0x7f83ac30ca08
C 327
R
P 0x7f83ac30ca08
C 13
= 0x7f83a873c738
R
P 0x7f83ac30ca08
C 327
R
P 0x7f83ac30ca08
P 0x7f83a873c738
C 14
R
P 0x7f83ac30ca08
C 327
R
P 0x7f83ac30ca08
S "mbqi"
C 30
R
P 0x7f83ac30ca08
C 327
R
P 0x7f83ac30ca08
$ |mbqi|
C 187
R
P 0x7f83ac30ca08
C 327
R
P 0x7f83ac30ca08
P 0x7f83a873c738
$ |mbqi|
I 0
C 16
R
P 0x7f83ac30ca08
C 327
R
P 0x7f83ac30ca08
P 0x7f83a873b668
P 0x7f83a873c738
C 403
R
P 0x7f83ac30ca08
C 327
R
P 0x7f83ac30ca08
P 0x7f83a873b668
P 0x7f83ac33a218
C 410
R
P 0x7f83ac30ca08
C 327
R
P 0x7f83ac30ca08
P 0x7f83a873b668
P 0x7f83ac31cf18
C 410
R
P 0x7f83ac30ca08
C 327
R
P 0x7f83ac30ca08
P 0x7f83ac31d2d0
C 57
= 0x7f83ac318988
R
P 0x7f83ac30ca08
C 327
R
P 0x7f83ac30ca08
P 0x7f83ac318988
C 241
R
P 0x7f83ac30ca08
C 327
R
P 0x7f83ac30ca08
P 0x7f83ac318988
C 9
R
P 0x7f83ac30ca08
C 327
R
P 0x7f83ac30ca08
P 0x7f83a873b668
P 0x7f83ac318988
C 410
R
P 0x7f83ac30ca08
C 327
R
P 0x7f83ac30ca08
P 0x7f83a873b668
C 413
R
P 0x7f83ac30ca08
C 327
R
P 0x7f83ac30ca08
P 0x7f83a873b668
C 420
R
P 0x7f83ac30ca08
C 327
